To honour the JVM settings for this build a single-use Daemon process will be forked. For more on this, please refer to https://docs.gradle.org/8.13/userguide/gradle_daemon.html#sec:disabling_the_daemon in the Gradle documentation.
Daemon will be stopped at the end of the build
> Task :checkKotlinGradlePluginConfigurationErrors SKIPPED
> Task :preBuild UP-TO-DATE
> Task :preDebugBuild UP-TO-DATE
> Task :generateDebugResValues UP-TO-DATE
> Task :generateDebugResources UP-TO-DATE
> Task :packageDebugResources UP-TO-DATE
> Task :processDebugNavigationResources UP-TO-DATE
> Task :parseDebugLocalResources UP-TO-DATE
> Task :generateDebugRFile UP-TO-DATE

> Task :compileDebugKotlin
e: file:///E:/Programming%20Projekte/worktrees/wt-agent-root-digital-dojo/vendor-compat/dynamics-0.25.6/probe/original/OriginalApi.kt:2:53 Unresolved reference 'Alpha'.

> Task :compileDebugKotlin FAILED


FAILURE: Build failed with an exception.

* What went wrong:
[Incubating] Problems report is available at: file:///E:/Programming%20Projekte/worktrees/wt-agent-root-digital-dojo/.agent-tooling/minimal-probe-build/reports/problems/problems-report.html
Execution failed for task ':compileDebugKotlin'.
> A failure occurred while executing org.jetbrains.kotlin.compilerRunner.btapi.BuildToolsApiCompilationWork
   > Compilation error. See log for more details

* Try:
> Run with --stacktrace option to get the stack trace.
> Run with --info or --debug option to get more log output.
> Run with --scan to get full insights.
> Get more help at https://help.gradle.org.

Deprecated Gradle features were used in this build, making it incompatible with Gradle 9.0.

You can use '--warning-mode all' to show the individual deprecation warnings and determine if they come from your own scripts or plugins.

For more on this, please refer to https://docs.gradle.org/8.13/userguide/command_line_interface.html#sec:command_line_warnings in the Gradle documentation.

BUILD FAILED in 11s
7 actionable tasks: 1 executed, 6 up-to-date
