To honour the JVM settings for this build a single-use Daemon process will be forked. For more on this, please refer to https://docs.gradle.org/8.13/userguide/gradle_daemon.html#sec:disabling_the_daemon in the Gradle documentation.
Daemon will be stopped at the end of the build
> Task :preBuild UP-TO-DATE
> Task :preDebugBuild UP-TO-DATE
> Task :checkDebugAarMetadata UP-TO-DATE
> Task :mergeDebugJniLibFolders UP-TO-DATE
> Task :mergeDebugNativeLibs NO-SOURCE
> Task :stripDebugDebugSymbols NO-SOURCE
> Task :copyDebugJniLibsProjectAndLocalJars UP-TO-DATE
> Task :checkKotlinGradlePluginConfigurationErrors SKIPPED
> Task :generateDebugResValues UP-TO-DATE
> Task :generateDebugResources UP-TO-DATE
> Task :packageDebugResources UP-TO-DATE
> Task :processDebugNavigationResources UP-TO-DATE
> Task :parseDebugLocalResources UP-TO-DATE
> Task :generateDebugRFile UP-TO-DATE
> Task :compileDebugKotlin
> Task :extractDebugAnnotations
> Task :extractDeepLinksForAarDebug UP-TO-DATE
> Task :mergeDebugShaders UP-TO-DATE
> Task :compileDebugShaders NO-SOURCE
> Task :generateDebugAssets UP-TO-DATE
> Task :mergeDebugAssets UP-TO-DATE
> Task :javaPreCompileDebug UP-TO-DATE
> Task :compileDebugJavaWithJavac
> Task :mergeDebugGeneratedProguardFiles UP-TO-DATE
> Task :mergeDebugConsumerProguardFiles UP-TO-DATE
> Task :prepareDebugArtProfile UP-TO-DATE
> Task :prepareLintJarForPublish UP-TO-DATE
> Task :processDebugManifest UP-TO-DATE
> Task :processDebugJavaRes NO-SOURCE
> Task :mergeDebugJavaResource UP-TO-DATE
> Task :syncDebugLibJars
> Task :writeDebugAarMetadata UP-TO-DATE
> Task :bundleDebugAar
> Task :assembleDebug

[Incubating] Problems report is available at: file:///E:/Programming%20Projekte/worktrees/wt-agent-root-digital-dojo/.agent-tooling/minimal-probe-build/reports/problems/problems-report.html

Deprecated Gradle features were used in this build, making it incompatible with Gradle 9.0.

You can use '--warning-mode all' to show the individual deprecation warnings and determine if they come from your own scripts or plugins.

For more on this, please refer to https://docs.gradle.org/8.13/userguide/command_line_interface.html#sec:command_line_warnings in the Gradle documentation.

BUILD SUCCESSFUL in 9s
25 actionable tasks: 5 executed, 20 up-to-date
